{
  "success": true,
  "data": {
    "params": {
      "lookback": "1h",
      "limit": 20,
      "tags": {
        "span.kind": "client"
      },
      "service": "payment",
      "operation": null,
      "minDuration": "500ms",
      "maxDuration": null
    },
    "originalQuery": "show me slow requests in payment service",
    "metadata": {
      "provider": "mock",
      "processingTimeMs": 1
    }
  }
}
